@main(cond: bool) {
.entry:
  __undefined.int: int = const 0;
  __undefined.bool: bool = const false;
  a.0: int = const 47;
  br cond .left .right;
.left:
  a.2: int = add a.0 a.0;
  jmp .exit;
.right:
  a.3: int = mul a.0 a.0;
  jmp .exit;
.exit:
  a.1: int = phi a.2 a.3 .left .right;
  print a.1;
  ret;
}
