@func: int {
.b1:
  __undefined.int: int = const 0;
  n.0: int = const 5;
  ret n.0;
}
@loop(infinite: bool, print: bool) {
.entry:
  __undefined.int: int = const 0;
  __undefined.bool: bool = const false;
  jmp .loop.header;
.loop.header:
  v.0: int = phi __undefined.int v.1 .entry .loop.next;
  br infinite .loop.body .loop.end;
.loop.body:
  br print .loop.print .loop.next;
.loop.print:
  v.2: int = call @func;
  print v.2;
  jmp .loop.next;
.loop.next:
  v.1: int = phi v.0 v.2 .loop.body .loop.print;
  jmp .loop.header;
.loop.end:
  ret;
}
@main {
.b1:
  __undefined.bool: bool = const false;
  infinite.0: bool = const false;
  print.0: bool = const true;
  call @loop infinite.0 print.0;
  ret;
}
