@main {
.entry:
  __undefined.int: int = const 0;
  __undefined.bool: bool = const false;
  one.0: int = const 1;
  zero.0: int = const 0;
  x.0: int = const 5;
  jmp .loop;
.loop:
  x.1: int = phi x.0 x.2 .entry .br;
  done.0: bool = phi __undefined.bool done.1 .entry .br;
  x.2: int = sub x.1 one.0;
  done.1: bool = eq x.2 zero.0;
  jmp .br;
.br:
  br done.1 .exit .loop;
.exit:
  print x.2;
  ret;
}
