@main(a: int) {
.entry1:
  __undefined.int: int = const 0;
  __undefined.bool: bool = const false;
  jmp .while.cond;
.while.cond:
  zero.0: int = phi __undefined.int zero.1 .entry1 .while.body;
  one.0: int = phi __undefined.int one.1 .entry1 .while.body;
  is_term.0: bool = phi __undefined.bool is_term.1 .entry1 .while.body;
  a.0: int = phi a a.1 .entry1 .while.body;
  zero.1: int = const 0;
  is_term.1: bool = eq a.0 zero.1;
  br is_term.1 .while.finish .while.body;
.while.body:
  one.1: int = const 1;
  a.1: int = sub a.0 one.1;
  jmp .while.cond;
.while.finish:
  print a.0;
  ret;
}
