@main {
  lvn.0: int = const 3;
  b: int = const 3;
  a: int = const 3;
  print lvn.0;
  print lvn.0;
  lvn.1: int = const 4;
  print lvn.1;
  a: int = const 5;
  print a;
}
