b1:
  in:  cond
  out: a
left:
  in:  a
  out: a, c
right:
  in:  ∅
  out: a, c
end:
  in:  a, c
  out: ∅
