entry:
  in:  awesome_integer
  out: awesome_integer
