b1:
  in:  âˆ…
  out: i, result
header:
  in:  cond, i, one, result, zero
  out: cond, i, one, result, zero
body:
  in:  cond, i, one, result, zero
  out: cond, i, one, result, zero
end:
  in:  cond, i, one, result, zero
  out: cond, i, one, result, zero
